
[1m[46m RUN [49m[22m [36mv4.1.0 [39m[90mD:/Hackathon web app/server[39m

Environment variables loaded from .env
Prisma schema loaded from prisma\schema.prisma
Datasource "db": PostgreSQL database "hortisort_test", schema "public" at "localhost:5432"

1 migration found in prisma/migrations


No pending migrations to apply.
 [31m×[39m src/__tests__/tickets.test.ts[2m > [22mGET /tickets - admin sees all tickets[33m 3920[2mms[22m[39m
[31m   → 
Invalid `prisma.user.create()` invocation in
D:/Hackathon web app/server/src/__tests__/tickets.test.ts:18:22

  15   }> = {},
  16 ) {
  17   const hash = await bcrypt.hash('password_123', 12)
→ 18   return prisma.user.create(
Unique constraint failed on the fields: (`email`)[39m
 [31m×[39m src/__tests__/machines.test.ts[2m > [22mGET /machines - admin sees all machines[33m 4567[2mms[22m[39m
[31m   → 
Invalid `prisma.user.create()` invocation in
D:/Hackathon web app/server/src/__tests__/machines.test.ts:18:22

  15   }> = {},
  16 ) {
  17   const hash = await bcrypt.hash('password_123', 12)
→ 18   return prisma.user.create(
Unique constraint failed on the fields: (`email`)[39m
 [31m×[39m src/__tests__/users.test.ts[2m > [22mGET /users - admin can list all users, response excludes password_hash[33m 7226[2mms[22m[39m
[31m   → Cannot read properties of undefined (reading 'accessToken')[39m
 [31m×[39m src/__tests__/machines.test.ts[2m > [22mGET /machines - customer sees only their machines[33m 2914[2mms[22m[39m
[31m   → 
Invalid `prisma.user.create()` invocation in
D:/Hackathon web app/server/src/__tests__/machines.test.ts:18:22

  15   }> = {},
  16 ) {
  17   const hash = await bcrypt.hash('password_123', 12)
→ 18   return prisma.user.create(
Unique constraint failed on the fields: (`email`)[39m
 [31m×[39m src/__tests__/tickets.test.ts[2m > [22mGET /tickets - customer sees their raised tickets[33m 4458[2mms[22m[39m
[31m   → 
Invalid `prisma.machine.create()` invocation in
D:/Hackathon web app/server/src/__tests__/tickets.test.ts:60:40

  57 customerId = customer.id
  58 engineerId = engineer.id
  59 
→ 60 const machine = await prisma.machine.create(
Foreign key constraint violated: `machines_customer_id_fkey (index)`[39m
 [31m×[39m src/__tests__/machines.test.ts[2m > [22mGET /machines - unauthenticated returns 401[33m 2530[2mms[22m[39m
[31m   → 
Invalid `prisma.user.create()` invocation in
D:/Hackathon web app/server/src/__tests__/machines.test.ts:18:22

  15   }> = {},
  16 ) {
  17   const hash = await bcrypt.hash('password_123', 12)
→ 18   return prisma.user.create(
Unique constraint failed on the fields: (`email`)[39m
 [31m×[39m src/__tests__/tickets.test.ts[2m > [22mGET /tickets - engineer sees their assigned tickets[33m 3434[2mms[22m[39m
[31m   → 
Invalid `prisma.user.create()` invocation in
D:/Hackathon web app/server/src/__tests__/tickets.test.ts:18:22

  15   }> = {},
  16 ) {
  17   const hash = await bcrypt.hash('password_123', 12)
→ 18   return prisma.user.create(
Unique constraint failed on the fields: (`email`)[39m
 [31m×[39m src/__tests__/machines.test.ts[2m > [22mGET /machines - filter by status returns matching machines[33m 1998[2mms[22m[39m
[31m   → 
Invalid `prisma.user.create()` invocation in
D:/Hackathon web app/server/src/__tests__/machines.test.ts:18:22

  15   }> = {},
  16 ) {
  17   const hash = await bcrypt.hash('password_123', 12)
→ 18   return prisma.user.create(
Unique constraint failed on the fields: (`email`)[39m
 [31m×[39m src/__tests__/users.test.ts[2m > [22mGET /users - engineer is forbidden (403)[33m 5707[2mms[22m[39m
[31m   → Cannot read properties of undefined (reading 'accessToken')[39m
 [31m×[39m src/__tests__/machines.test.ts[2m > [22mGET /machines/stats - returns status counts[33m 3716[2mms[22m[39m
[31m   → 
Invalid `prisma.user.create()` invocation in
D:/Hackathon web app/server/src/__tests__/machines.test.ts:18:22

  15   }> = {},
  16 ) {
  17   const hash = await bcrypt.hash('password_123', 12)
→ 18   return prisma.user.create(
Unique constraint failed on the fields: (`email`)[39m
 [31m×[39m src/__tests__/users.test.ts[2m > [22mGET /users - unauthenticated returns 401[33m 3112[2mms[22m[39m
[31m   → 
Invalid `prisma.user.create()` invocation in
D:/Hackathon web app/server/src/__tests__/users.test.ts:18:22

  15   }> = {},
  16 ) {
  17   const hash = await bcrypt.hash('password_123', 12)
→ 18   return prisma.user.create(
Unique constraint failed on the fields: (`email`)[39m
 [31m×[39m src/__tests__/tickets.test.ts[2m > [22mGET /tickets - unauthenticated returns 401[33m 4799[2mms[22m[39m
[31m   → 
Invalid `prisma.machine.create()` invocation in
D:/Hackathon web app/server/src/__tests__/tickets.test.ts:60:40

  57 customerId = customer.id
  58 engineerId = engineer.id
  59 
→ 60 const machine = await prisma.machine.create(
Foreign key constraint violated: `machines_customer_id_fkey (index)`[39m
 [31m×[39m src/__tests__/users.test.ts[2m > [22mGET /users/:id - admin can get a user by ID[33m 2963[2mms[22m[39m
[31m   → 
Invalid `prisma.user.create()` invocation in
D:/Hackathon web app/server/src/__tests__/users.test.ts:18:22

  15   }> = {},
  16 ) {
  17   const hash = await bcrypt.hash('password_123', 12)
→ 18   return prisma.user.create(
Unique constraint failed on the fields: (`email`)[39m
 [31m×[39m src/__tests__/tickets.test.ts[2m > [22mGET /tickets/stats - returns open count and bySeverity[33m 2409[2mms[22m[39m
[31m   → 
Invalid `prisma.user.create()` invocation in
D:/Hackathon web app/server/src/__tests__/tickets.test.ts:18:22

  15   }> = {},
  16 ) {
  17   const hash = await bcrypt.hash('password_123', 12)
→ 18   return prisma.user.create(
Unique constraint failed on the fields: (`email`)[39m
 [31m×[39m src/__tests__/machines.test.ts[2m > [22mGET /machines/:id - returns machine with relations[33m 5119[2mms[22m[39m
[31m   → Cannot read properties of undefined (reading 'accessToken')[39m
 [31m×[39m src/__tests__/tickets.test.ts[2m > [22mGET /tickets/:id - returns ticket with comments and machine[33m 2643[2mms[22m[39m
[31m   → 
Invalid `prisma.user.create()` invocation in
D:/Hackathon web app/server/src/__tests__/tickets.test.ts:18:22

  15   }> = {},
  16 ) {
  17   const hash = await bcrypt.hash('password_123', 12)
→ 18   return prisma.user.create(
Unique constraint failed on the fields: (`email`)[39m
 [31m×[39m src/__tests__/tickets.test.ts[2m > [22mGET /tickets/:id - non-existent ticket returns 404[33m 2193[2mms[22m[39m
[31m   → 
Invalid `prisma.user.create()` invocation in
D:/Hackathon web app/server/src/__tests__/tickets.test.ts:18:22

  15   }> = {},
  16 ) {
  17   const hash = await bcrypt.hash('password_123', 12)
→ 18   return prisma.user.create(
Unique constraint failed on the fields: (`email`)[39m
 [31m×[39m src/__tests__/machines.test.ts[2m > [22mGET /machines/:id - non-existent machine returns 404[33m 3815[2mms[22m[39m
[31m   → 
Invalid `prisma.user.create()` invocation in
D:/Hackathon web app/server/src/__tests__/machines.test.ts:18:22

  15   }> = {},
  16 ) {
  17   const hash = await bcrypt.hash('password_123', 12)
→ 18   return prisma.user.create(
Unique constraint failed on the fields: (`email`)[39m
 [32m✓[39m src/__tests__/users.test.ts[2m > [22mGET /users/:id - engineer is forbidden (403)[33m 6314[2mms[22m[39m
 [31m×[39m src/__tests__/machines.test.ts[2m > [22mPATCH /machines/:id/status - engineer can update status[33m 5110[2mms[22m[39m
[31m   → 
Invalid `prisma.user.create()` invocation in
D:/Hackathon web app/server/src/__tests__/machines.test.ts:18:22

  15   }> = {},
  16 ) {
  17   const hash = await bcrypt.hash('password_123', 12)
→ 18   return prisma.user.create(
Unique constraint failed on the fields: (`email`)[39m
 [31m×[39m src/__tests__/users.test.ts[2m > [22mGET /users/:id - non-existent user returns 404[33m 4704[2mms[22m[39m
[31m   → 
Invalid `prisma.user.create()` invocation in
D:/Hackathon web app/server/src/__tests__/users.test.ts:18:22

  15   }> = {},
  16 ) {
  17   const hash = await bcrypt.hash('password_123', 12)
→ 18   return prisma.user.create(
Unique constraint failed on the fields: (`email`)[39m
 [31m×[39m src/__tests__/tickets.test.ts[2m > [22mPOST /tickets - creates a ticket with correct fields[33m 7432[2mms[22m[39m
[31m   → Cannot read properties of undefined (reading 'accessToken')[39m
 [31m×[39m src/__tests__/users.test.ts[2m > [22mPATCH /users/:id/active - admin can toggle user is_active[33m 3831[2mms[22m[39m
[31m   → 
Invalid `prisma.user.create()` invocation in
D:/Hackathon web app/server/src/__tests__/users.test.ts:18:22

  15   }> = {},
  16 ) {
  17   const hash = await bcrypt.hash('password_123', 12)
→ 18   return prisma.user.create(
Unique constraint failed on the fields: (`email`)[39m
 [31m×[39m src/__tests__/tickets.test.ts[2m > [22mPATCH /tickets/:id/status - engineer can update status to in_progress[33m 4201[2mms[22m[39m
[31m   → 
Invalid `prisma.user.create()` invocation in
D:/Hackathon web app/server/src/__tests__/tickets.test.ts:18:22

  15   }> = {},
  16 ) {
  17   const hash = await bcrypt.hash('password_123', 12)
→ 18   return prisma.user.create(
Unique constraint failed on the fields: (`email`)[39m
 [31m×[39m src/__tests__/users.test.ts[2m > [22mPATCH /users/:id/active - engineer is forbidden (403)[33m 2060[2mms[22m[39m
[31m   → 
Invalid `prisma.user.create()` invocation in
D:/Hackathon web app/server/src/__tests__/users.test.ts:18:22

  15   }> = {},
  16 ) {
  17   const hash = await bcrypt.hash('password_123', 12)
→ 18   return prisma.user.create(
Unique constraint failed on the fields: (`email`)[39m
 [31m×[39m src/__tests__/machines.test.ts[2m > [22mPATCH /machines/:id/status - customer cannot update status (403)[33m 7548[2mms[22m[39m
[31m   → Cannot read properties of undefined (reading 'accessToken')[39m
 [31m×[39m src/__tests__/machines.test.ts[2m > [22mPATCH /machines/:id/status - invalid status returns 400[33m 2018[2mms[22m[39m
[31m   → 
Invalid `prisma.user.create()` invocation in
D:/Hackathon web app/server/src/__tests__/machines.test.ts:18:22

  15   }> = {},
  16 ) {
  17   const hash = await bcrypt.hash('password_123', 12)
→ 18   return prisma.user.create(
Unique constraint failed on the fields: (`email`)[39m
 [31m×[39m src/__tests__/tickets.test.ts[2m > [22mPATCH /tickets/:id/status - reopened increments reopen_count and sets reopened_at[33m 6808[2mms[22m[39m
[31m   → Cannot read properties of undefined (reading 'accessToken')[39m
 [31m×[39m src/__tests__/siteVisits.test.ts[2m > [22mGET /site-visits - engineer sees only their own visits[33m 3179[2mms[22m[39m
[31m   → 
Invalid `prisma.user.create()` invocation in
D:/Hackathon web app/server/src/__tests__/siteVisits.test.ts:18:22

  15   }> = {},
  16 ) {
  17   const hash = await bcrypt.hash('password_123', 12)
→ 18   return prisma.user.create(
Unique constraint failed on the fields: (`email`)[39m
 [31m×[39m src/__tests__/tickets.test.ts[2m > [22mPATCH /tickets/:id/status - customer cannot update status (403)[33m 6098[2mms[22m[39m
[31m   → 
Invalid `prisma.machine.create()` invocation in
D:/Hackathon web app/server/src/__tests__/tickets.test.ts:60:40

  57 customerId = customer.id
  58 engineerId = engineer.id
  59 
→ 60 const machine = await prisma.machine.create(
Foreign key constraint violated: `machines_customer_id_fkey (index)`[39m
 [31m×[39m src/__tests__/dailyLogs.test.ts[2m > [22mGET /daily-logs - admin sees all logs[33m 8439[2mms[22m[39m
[31m   → Cannot read properties of undefined (reading 'accessToken')[39m
 [31m×[39m src/__tests__/tickets.test.ts[2m > [22mPATCH /tickets/:id/resolve - sets resolved fields[33m 2029[2mms[22m[39m
[31m   → 
Invalid `prisma.user.create()` invocation in
D:/Hackathon web app/server/src/__tests__/tickets.test.ts:18:22

  15   }> = {},
  16 ) {
  17   const hash = await bcrypt.hash('password_123', 12)
→ 18   return prisma.user.create(
Unique constraint failed on the fields: (`email`)[39m
 [31m×[39m src/__tests__/dailyLogs.test.ts[2m > [22mGET /daily-logs - unauthenticated returns 401[33m 2299[2mms[22m[39m
[31m   → 
Invalid `prisma.user.create()` invocation in
D:/Hackathon web app/server/src/__tests__/dailyLogs.test.ts:16:22

  13   role: 'customer' | 'engineer' | 'admin',
  14 ) {
  15   const hash = await bcrypt.hash('password_123', 12)
→ 16   return prisma.user.create(
Unique constraint failed on the fields: (`email`)[39m
 [31m×[39m src/__tests__/siteVisits.test.ts[2m > [22mGET /site-visits - admin sees all visits[33m 4359[2mms[22m[39m
[31m   → 
Invalid `prisma.machine.create()` invocation in
D:/Hackathon web app/server/src/__tests__/siteVisits.test.ts:59:40

  56 customerId = customer.id
  57 engineerId = engineer.id
  58 
→ 59 const machine = await prisma.machine.create(
Foreign key constraint violated: `machines_customer_id_fkey (index)`[39m
 [31m×[39m src/__tests__/siteVisits.test.ts[2m > [22mGET /site-visits - unauthenticated returns 401[33m 2208[2mms[22m[39m
[31m   → 
Invalid `prisma.user.create()` invocation in
D:/Hackathon web app/server/src/__tests__/siteVisits.test.ts:18:22

  15   }> = {},
  16 ) {
  17   const hash = await bcrypt.hash('password_123', 12)
→ 18   return prisma.user.create(
Unique constraint failed on the fields: (`email`)[39m
 [31m×[39m src/__tests__/dailyLogs.test.ts[2m > [22mGET /daily-logs - filter by machineId returns only that machine logs[33m 3509[2mms[22m[39m
[31m   → 
Invalid `prisma.user.create()` invocation in
D:/Hackathon web app/server/src/__tests__/dailyLogs.test.ts:16:22

  13   role: 'customer' | 'engineer' | 'admin',
  14 ) {
  15   const hash = await bcrypt.hash('password_123', 12)
→ 16   return prisma.user.create(
Unique constraint failed on the fields: (`email`)[39m
 [31m×[39m src/__tests__/tickets.test.ts[2m > [22mPATCH /tickets/:id/resolve - customer cannot resolve ticket (403)[33m 5498[2mms[22m[39m
[31m   → Cannot read properties of undefined (reading 'accessToken')[39m
 [31m×[39m src/__tests__/tickets.test.ts[2m > [22mPOST /tickets/:id/comments - adds a comment to the ticket[33m 2704[2mms[22m[39m
[31m   → 
Invalid `prisma.user.create()` invocation in
D:/Hackathon web app/server/src/__tests__/tickets.test.ts:18:22

  15   }> = {},
  16 ) {
  17   const hash = await bcrypt.hash('password_123', 12)
→ 18   return prisma.user.create(
Unique constraint failed on the fields: (`email`)[39m
 [31m×[39m src/__tests__/siteVisits.test.ts[2m > [22mPOST /site-visits - engineer can create a site visit[33m 5405[2mms[22m[39m
[31m   → Cannot read properties of undefined (reading 'accessToken')[39m
 [31m×[39m src/__tests__/siteVisits.test.ts[2m > [22mPOST /site-visits - customer cannot create a site visit (403)[33m 2202[2mms[22m[39m
[31m   → 
Invalid `prisma.user.create()` invocation in
D:/Hackathon web app/server/src/__tests__/siteVisits.test.ts:18:22

  15   }> = {},
  16 ) {
  17   const hash = await bcrypt.hash('password_123', 12)
→ 18   return prisma.user.create(
Unique constraint failed on the fields: (`email`)[39m
 [31m×[39m src/__tests__/dailyLogs.test.ts[2m > [22mPOST /daily-logs - engineer can create a daily log[33m 4231[2mms[22m[39m
[31m   → 
Invalid `prisma.user.create()` invocation in
D:/Hackathon web app/server/src/__tests__/dailyLogs.test.ts:16:22

  13   role: 'customer' | 'engineer' | 'admin',
  14 ) {
  15   const hash = await bcrypt.hash('password_123', 12)
→ 16   return prisma.user.create(
Unique constraint failed on the fields: (`email`)[39m
 [31m×[39m src/__tests__/dailyLogs.test.ts[2m > [22mPOST /daily-logs - customer cannot create a daily log (403)[33m 5179[2mms[22m[39m
[31m   → 
Invalid `prisma.machine.create()` invocation in
D:/Hackathon web app/server/src/__tests__/dailyLogs.test.ts:51:40

  48 customerId = customer.id
  49 engineerId = engineer.id
  50 
→ 51 const machine = await prisma.machine.create(
Foreign key constraint violated: `machines_customer_id_fkey (index)`[39m
 [31m×[39m src/__tests__/auth.test.ts[2m > [22mPOST /auth/login - valid credentials returns accessToken and user[33m 2937[2mms[22m[39m
[31m   → expected 401 to be 200 // Object.is equality[39m
 [31m×[39m src/__tests__/auth.test.ts[2m > [22mPOST /auth/login - wrong password returns 401[33m 2114[2mms[22m[39m
[31m   → 
Invalid `prisma.user.create()` invocation in
D:/Hackathon web app/server/src/__tests__/auth.test.ts:11:34

   8 beforeEach(async () => {
   9   await truncateAll()
  10   const hash = await bcrypt.hash('password_123', 12)
→ 11   const user = await prisma.user.create(
Unique constraint failed on the fields: (`email`)[39m
 [31m×[39m src/__tests__/dailyLogs.test.ts[2m > [22mPOST /daily-logs - missing required field returns 400[33m 4390[2mms[22m[39m
[31m   → 
Invalid `prisma.machine.create()` invocation in
D:/Hackathon web app/server/src/__tests__/dailyLogs.test.ts:51:40

  48 customerId = customer.id
  49 engineerId = engineer.id
  50 
→ 51 const machine = await prisma.machine.create(
Foreign key constraint violated: `machines_customer_id_fkey (index)`[39m
 [32m✓[39m src/__tests__/auth.test.ts[2m > [22mPOST /auth/login - non-existent email returns 401[33m 2008[2mms[22m[39m
 [31m×[39m src/__tests__/activityLog.test.ts[2m > [22mGET /activity-log - admin sees activity log entries[33m 2526[2mms[22m[39m
[31m   → 
Invalid `prisma.user.create()` invocation in
D:/Hackathon web app/server/src/__tests__/activityLog.test.ts:18:22

  15   }> = {},
  16 ) {
  17   const hash = await bcrypt.hash('password_123', 12)
→ 18   return prisma.user.create(
Unique constraint failed on the fields: (`email`)[39m
 [31m×[39m src/__tests__/activityLog.test.ts[2m > [22mGET /activity-log - engineer is forbidden (403)[33m 2513[2mms[22m[39m
[31m   → 
Invalid `prisma.user.create()` invocation in
D:/Hackathon web app/server/src/__tests__/activityLog.test.ts:18:22

  15   }> = {},
  16 ) {
  17   const hash = await bcrypt.hash('password_123', 12)
→ 18   return prisma.user.create(
Unique constraint failed on the fields: (`email`)[39m
 [32m✓[39m src/__tests__/auth.test.ts[2m > [22mGET /auth/me - valid token returns user[33m 3687[2mms[22m[39m
 [31m×[39m src/__tests__/machineHistory.test.ts[2m > [22mGET /machine-history/:id - returns history entries ordered by created_at desc[33m 2734[2mms[22m[39m
[31m   → 
Invalid `prisma.user.create()` invocation in
D:/Hackathon web app/server/src/__tests__/machineHistory.test.ts:18:22

  15   }> = {},
  16 ) {
  17   const hash = await bcrypt.hash('password_123', 12)
→ 18   return prisma.user.create(
Unique constraint failed on the fields: (`email`)[39m
 [31m×[39m src/__tests__/auth.test.ts[2m > [22mGET /auth/me - no token returns 401[33m 2682[2mms[22m[39m
[31m   → 
Invalid `prisma.user.create()` invocation in
D:/Hackathon web app/server/src/__tests__/auth.test.ts:11:34

   8 beforeEach(async () => {
   9   await truncateAll()
  10   const hash = await bcrypt.hash('password_123', 12)
→ 11   const user = await prisma.user.create(
Unique constraint failed on the fields: (`email`)[39m
 [31m×[39m src/__tests__/activityLog.test.ts[2m > [22mGET /activity-log - customer is forbidden (403)[33m 4690[2mms[22m[39m
[31m   → 
Invalid `prisma.machine.create()` invocation in
D:/Hackathon web app/server/src/__tests__/activityLog.test.ts:59:40

  56 customerId = customer.id
  57 engineerId = engineer.id
  58 
→ 59 const machine = await prisma.machine.create(
Foreign key constraint violated: `machines_customer_id_fkey (index)`[39m
 [31m×[39m src/__tests__/auth.test.ts[2m > [22mPOST /auth/refresh - valid cookie returns new accessToken[33m 2612[2mms[22m[39m
[31m   → 
Invalid `prisma.user.create()` invocation in
D:/Hackathon web app/server/src/__tests__/auth.test.ts:11:34

   8 beforeEach(async () => {
   9   await truncateAll()
  10   const hash = await bcrypt.hash('password_123', 12)
→ 11   const user = await prisma.user.create(
Unique constraint failed on the fields: (`email`)[39m
 [31m×[39m src/__tests__/activityLog.test.ts[2m > [22mGET /activity-log - unauthenticated returns 401[33m 3042[2mms[22m[39m
[31m   → 
Invalid `prisma.user.create()` invocation in
D:/Hackathon web app/server/src/__tests__/activityLog.test.ts:18:22

  15   }> = {},
  16 ) {
  17   const hash = await bcrypt.hash('password_123', 12)
→ 18   return prisma.user.create(
Unique constraint failed on the fields: (`email`)[39m
 [31m×[39m src/__tests__/auth.test.ts[2m > [22mPOST /auth/logout - clears the refresh token cookie[33m 2015[2mms[22m[39m
[31m   → 
Invalid `prisma.user.create()` invocation in
D:/Hackathon web app/server/src/__tests__/auth.test.ts:11:34

   8 beforeEach(async () => {
   9   await truncateAll()
  10   const hash = await bcrypt.hash('password_123', 12)
→ 11   const user = await prisma.user.create(
Unique constraint failed on the fields: (`email`)[39m
 [32m✓[39m src/__tests__/machineHistory.test.ts[2m > [22mGET /machine-history/:id - returns empty array for machine with no history[33m 5901[2mms[22m[39m
 [32m✓[39m src/__tests__/machineHistory.test.ts[2m > [22mGET /machine-history/:id - unauthenticated returns 401[33m 5269[2mms[22m[39m

[31m⎯⎯⎯⎯⎯⎯[39m[1m[41m Failed Tests 52 [49m[22m[31m⎯⎯⎯⎯⎯⎯⎯[39m

[41m[1m FAIL [22m[49m src/__tests__/activityLog.test.ts[2m > [22mGET /activity-log - admin sees activity log entries
[41m[1m FAIL [22m[49m src/__tests__/activityLog.test.ts[2m > [22mGET /activity-log - engineer is forbidden (403)
[31m[1mPrismaClientKnownRequestError[22m: 
Invalid `prisma.user.create()` invocation in
D:/Hackathon web app/server/src/__tests__/activityLog.test.ts:18:22

  15   }> = {},
  16 ) {
  17   const hash = await bcrypt.hash('password_123', 12)
→ 18   return prisma.user.create(
Unique constraint failed on the fields: (`email`)[39m
[90m [2m❯[22m $n.handleRequestError node_modules/@prisma/client/runtime/library.js:[2m121:7315[22m[39m
[90m [2m❯[22m $n.handleAndLogRequestError node_modules/@prisma/client/runtime/library.js:[2m121:6623[22m[39m
[90m [2m❯[22m $n.request node_modules/@prisma/client/runtime/library.js:[2m121:6307[22m[39m
[90m [2m❯[22m l node_modules/@prisma/client/runtime/library.js:[2m130:9633[22m[39m
[36m [2m❯[22m src/__tests__/activityLog.test.ts:[2m51:17[22m[39m
    [90m 49|[39m   [35mawait[39m [34mtruncateAll[39m()
    [90m 50|[39m
    [90m 51|[39m   const admin = await createUser({ name: 'Admin', email: 'admin@test.c…
    [90m   |[39m                 [31m^[39m
    [90m 52|[39m   const customer = await createUser({ name: 'Customer', email: 'custom…
    [90m 53|[39m   const engineer = await createUser({ name: 'Engineer', email: 'engine…

[31m[2m⎯⎯⎯⎯⎯⎯⎯⎯⎯⎯⎯⎯⎯⎯⎯⎯⎯⎯⎯⎯⎯⎯⎯⎯⎯⎯⎯⎯⎯⎯[22m[39m
[31m[1mSerialized Error:[22m[39m [90m{ code: 'P2002', clientVersion: '5.22.0', meta: { modelName: 'User', target: [ 'email' ] }, batchRequestIdx: undefined }[39m
[31m[2m⎯⎯⎯⎯⎯⎯⎯⎯⎯⎯⎯⎯⎯⎯⎯⎯⎯⎯⎯⎯⎯⎯⎯[1/52]⎯[22m[39m

[41m[1m FAIL [22m[49m src/__tests__/activityLog.test.ts[2m > [22mGET /activity-log - customer is forbidden (403)
[31m[1mPrismaClientKnownRequestError[22m: 
Invalid `prisma.machine.create()` invocation in
D:/Hackathon web app/server/src/__tests__/activityLog.test.ts:59:40

  56 customerId = customer.id
  57 engineerId = engineer.id
  58 
→ 59 const machine = await prisma.machine.create(
Foreign key constraint violated: `machines_customer_id_fkey (index)`[39m
[90m [2m❯[22m $n.handleRequestError node_modules/@prisma/client/runtime/library.js:[2m121:7315[22m[39m
[90m [2m❯[22m $n.handleAndLogRequestError node_modules/@prisma/client/runtime/library.js:[2m121:6623[22m[39m
[90m [2m❯[22m $n.request node_modules/@prisma/client/runtime/library.js:[2m121:6307[22m[39m
[90m [2m❯[22m l node_modules/@prisma/client/runtime/library.js:[2m130:9633[22m[39m
[36m [2m❯[22m src/__tests__/activityLog.test.ts:[2m59:19[22m[39m
    [90m 57|[39m   engineerId [33m=[39m engineer[33m.[39mid
    [90m 58|[39m
    [90m 59|[39m   [35mconst[39m machine [33m=[39m [35mawait[39m prisma[33m.[39mmachine[33m.[39m[34mcreate[39m({
    [90m   |[39m                   [31m^[39m
    [90m 60|[39m     data[33m:[39m {
    [90m 61|[39m       machine_code[33m:[39m [32m'HS-AL-001'[39m[33m,[39m

[31m[2m⎯⎯⎯⎯⎯⎯⎯⎯⎯⎯⎯⎯⎯⎯⎯⎯⎯⎯⎯⎯⎯⎯⎯⎯⎯⎯⎯⎯⎯⎯[22m[39m
[31m[1mSerialized Error:[22m[39m [90m{ code: 'P2003', clientVersion: '5.22.0', meta: { modelName: 'Machine', field_name: 'machines_customer_id_fkey (index)' }, batchRequestIdx: undefined }[39m
[31m[2m⎯⎯⎯⎯⎯⎯⎯⎯⎯⎯⎯⎯⎯⎯⎯⎯⎯⎯⎯⎯⎯⎯⎯[2/52]⎯[22m[39m

[41m[1m FAIL [22m[49m src/__tests__/activityLog.test.ts[2m > [22mGET /activity-log - unauthenticated returns 401
[31m[1mPrismaClientKnownRequestError[22m: 
Invalid `prisma.user.create()` invocation in
D:/Hackathon web app/server/src/__tests__/activityLog.test.ts:18:22

  15   }> = {},
  16 ) {
  17   const hash = await bcrypt.hash('password_123', 12)
→ 18   return prisma.user.create(
Unique constraint failed on the fields: (`email`)[39m
[90m [2m❯[22m $n.handleRequestError node_modules/@prisma/client/runtime/library.js:[2m121:7315[22m[39m
[90m [2m❯[22m $n.handleAndLogRequestError node_modules/@prisma/client/runtime/library.js:[2m121:6623[22m[39m
[90m [2m❯[22m $n.request node_modules/@prisma/client/runtime/library.js:[2m121:6307[22m[39m
[90m [2m❯[22m l node_modules/@prisma/client/runtime/library.js:[2m130:9633[22m[39m
[36m [2m❯[22m src/__tests__/activityLog.test.ts:[2m52:20[22m[39m
    [90m 50|[39m
    [90m 51|[39m   const admin = await createUser({ name: 'Admin', email: 'admin@test.c…
    [90m 52|[39m   const customer = await createUser({ name: 'Customer', email: 'custom…
    [90m   |[39m                    [31m^[39m
    [90m 53|[39m   const engineer = await createUser({ name: 'Engineer', email: 'engine…
    [90m 54|[39m

[31m[2m⎯⎯⎯⎯⎯⎯⎯⎯⎯⎯⎯⎯⎯⎯⎯⎯⎯⎯⎯⎯⎯⎯⎯⎯⎯⎯⎯⎯⎯⎯[22m[39m
[31m[1mSerialized Error:[22m[39m [90m{ code: 'P2002', clientVersion: '5.22.0', meta: { modelName: 'User', target: [ 'email' ] }, batchRequestIdx: undefined }[39m
[31m[2m⎯⎯⎯⎯⎯⎯⎯⎯⎯⎯⎯⎯⎯⎯⎯⎯⎯⎯⎯⎯⎯⎯⎯[3/52]⎯[22m[39m

[41m[1m FAIL [22m[49m src/__tests__/auth.test.ts[2m > [22mPOST /auth/login - valid credentials returns accessToken and user
[31m[1mAssertionError[22m: expected 401 to be 200 // Object.is equality[39m

[32m- Expected[39m
[31m+ Received[39m

[32m- 200[39m
[31m+ 401[39m

[36m [2m❯[22m src/__tests__/auth.test.ts:[2m31:22[22m[39m
    [90m 29|[39m     [33m.[39m[34mpost[39m([32m'/api/v1/auth/login'[39m)
    [90m 30|[39m     [33m.[39m[34msend[39m({ email[33m:[39m [32m'admin@test.com'[39m[33m,[39m password[33m:[39m [32m'password_123'[39m })
    [90m 31|[39m   [34mexpect[39m(res[33m.[39mstatus)[33m.[39m[34mtoBe[39m([34m200[39m)
    [90m   |[39m                      [31m^[39m
    [90m 32|[39m   [34mexpect[39m(res[33m.[39mbody[33m.[39mdata[33m.[39maccessToken)[33m.[39m[34mtoBeDefined[39m()
    [90m 33|[39m   [34mexpect[39m(res[33m.[39mbody[33m.[39mdata[33m.[39muser[33m.[39memail)[33m.[39m[34mtoBe[39m([32m'admin@test.com'[39m)

[31m[2m⎯⎯⎯⎯⎯⎯⎯⎯⎯⎯⎯⎯⎯⎯⎯⎯⎯⎯⎯⎯⎯⎯⎯[4/52]⎯[22m[39m

[41m[1m FAIL [22m[49m src/__tests__/auth.test.ts[2m > [22mPOST /auth/login - wrong password returns 401
[41m[1m FAIL [22m[49m src/__tests__/auth.test.ts[2m > [22mGET /auth/me - no token returns 401
[41m[1m FAIL [22m[49m src/__tests__/auth.test.ts[2m > [22mPOST /auth/refresh - valid cookie returns new accessToken
[41m[1m FAIL [22m[49m src/__tests__/auth.test.ts[2m > [22mPOST /auth/logout - clears the refresh token cookie
[31m[1mPrismaClientKnownRequestError[22m: 
Invalid `prisma.user.create()` invocation in
D:/Hackathon web app/server/src/__tests__/auth.test.ts:11:34

   8 beforeEach(async () => {
   9   await truncateAll()
  10   const hash = await bcrypt.hash('password_123', 12)
→ 11   const user = await prisma.user.create(
Unique constraint failed on the fields: (`email`)[39m
[90m [2m❯[22m $n.handleRequestError node_modules/@prisma/client/runtime/library.js:[2m121:7315[22m[39m
[90m [2m❯[22m $n.handleAndLogRequestError node_modules/@prisma/client/runtime/library.js:[2m121:6623[22m[39m
[90m [2m❯[22m $n.request node_modules/@prisma/client/runtime/library.js:[2m121:6307[22m[39m
[90m [2m❯[22m l node_modules/@prisma/client/runtime/library.js:[2m130:9633[22m[39m
[36m [2m❯[22m src/__tests__/auth.test.ts:[2m11:16[22m[39m
    [90m  9|[39m   [35mawait[39m [34mtruncateAll[39m()
    [90m 10|[39m   [35mconst[39m hash [33m=[39m [35mawait[39m bcrypt[33m.[39m[34mhash[39m([32m'password_123'[39m[33m,[39m [34m12[39m)
    [90m 11|[39m   [35mconst[39m user [33m=[39m [35mawait[39m prisma[33m.[39muser[33m.[39m[34mcreate[39m({
    [90m   |[39m                [31m^[39m
    [90m 12|[39m     data[33m:[39m {
    [90m 13|[39m       name[33m:[39m [32m'Test Admin'[39m[33m,[39m

[31m[2m⎯⎯⎯⎯⎯⎯⎯⎯⎯⎯⎯⎯⎯⎯⎯⎯⎯⎯⎯⎯⎯⎯⎯⎯⎯⎯⎯⎯⎯⎯[22m[39m
[31m[1mSerialized Error:[22m[39m [90m{ code: 'P2002', clientVersion: '5.22.0', meta: { modelName: 'User', target: [ 'email' ] }, batchRequestIdx: undefined }[39m
[31m[2m⎯⎯⎯⎯⎯⎯⎯⎯⎯⎯⎯⎯⎯⎯⎯⎯⎯⎯⎯⎯⎯⎯⎯[5/52]⎯[22m[39m

[41m[1m FAIL [22m[49m src/__tests__/dailyLogs.test.ts[2m > [22mGET /daily-logs - admin sees all logs
[31m[1mTypeError[22m: Cannot read properties of undefined (reading 'accessToken')[39m
[36m [2m❯[22m loginAs src/__tests__/dailyLogs.test.ts:[2m25:53[22m[39m
    [90m 23|[39m     [33m.[39m[34mpost[39m([32m'/api/v1/auth/login'[39m)
    [90m 24|[39m     [33m.[39m[34msend[39m({ email[33m,[39m password[33m:[39m [32m'password_123'[39m })
    [90m 25|[39m   [35mreturn[39m (res[33m.[39mbody[33m.[39mdata [35mas[39m { accessToken[33m:[39m string })[33m.[39maccessToken
    [90m   |[39m                                                     [31m^[39m
    [90m 26|[39m }
    [90m 27|[39m
[90m [2m❯[22m src/__tests__/dailyLogs.test.ts:[2m89:19[22m[39m

[31m[2m⎯⎯⎯⎯⎯⎯⎯⎯⎯⎯⎯⎯⎯⎯⎯⎯⎯⎯⎯⎯⎯⎯⎯[6/52]⎯[22m[39m

[41m[1m FAIL [22m[49m src/__tests__/dailyLogs.test.ts[2m > [22mGET /daily-logs - unauthenticated returns 401
[31m[1mPrismaClientKnownRequestError[22m: 
Invalid `prisma.user.create()` invocation in
D:/Hackathon web app/server/src/__tests__/dailyLogs.test.ts:16:22

  13   role: 'customer' | 'engineer' | 'admin',
  14 ) {
  15   const hash = await bcrypt.hash('password_123', 12)
→ 16   return prisma.user.create(
Unique constraint failed on the fields: (`email`)[39m
[90m [2m❯[22m $n.handleRequestError node_modules/@prisma/client/runtime/library.js:[2m121:7315[22m[39m
[90m [2m❯[22m $n.handleAndLogRequestError node_modules/@prisma/client/runtime/library.js:[2m121:6623[22m[39m
[90m [2m❯[22m $n.request node_modules/@prisma/client/runtime/library.js:[2m121:6307[22m[39m
[90m [2m❯[22m l node_modules/@prisma/client/runtime/library.js:[2m130:9633[22m[39m
[36m [2m❯[22m src/__tests__/dailyLogs.test.ts:[2m43:17[22m[39m
    [90m 41|[39m   [35mawait[39m [34mtruncateAll[39m()
    [90m 42|[39m
    [90m 43|[39m   [35mconst[39m admin [33m=[39m [35mawait[39m [34mcreateUser[39m([32m'Admin'[39m[33m,[39m [32m'admin@test.com'[39m[33m,[39m [32m'admin'[39m)
    [90m   |[39m                 [31m^[39m
    [90m 44|[39m   const customer = await createUser('Customer', 'customer@test.com', '…
    [90m 45|[39m   const engineer = await createUser('Engineer', 'engineer@test.com', '…

[31m[2m⎯⎯⎯⎯⎯⎯⎯⎯⎯⎯⎯⎯⎯⎯⎯⎯⎯⎯⎯⎯⎯⎯⎯⎯⎯⎯⎯⎯⎯⎯[22m[39m
[31m[1mSerialized Error:[22m[39m [90m{ code: 'P2002', clientVersion: '5.22.0', meta: { modelName: 'User', target: [ 'email' ] }, batchRequestIdx: undefined }[39m
[31m[2m⎯⎯⎯⎯⎯⎯⎯⎯⎯⎯⎯⎯⎯⎯⎯⎯⎯⎯⎯⎯⎯⎯⎯[7/52]⎯[22m[39m

[41m[1m FAIL [22m[49m src/__tests__/dailyLogs.test.ts[2m > [22mGET /daily-logs - filter by machineId returns only that machine logs
[41m[1m FAIL [22m[49m src/__tests__/dailyLogs.test.ts[2m > [22mPOST /daily-logs - engineer can create a daily log
[31m[1mPrismaClientKnownRequestError[22m: 
Invalid `prisma.user.create()` invocation in
D:/Hackathon web app/server/src/__tests__/dailyLogs.test.ts:16:22

  13   role: 'customer' | 'engineer' | 'admin',
  14 ) {
  15   const hash = await bcrypt.hash('password_123', 12)
→ 16   return prisma.user.create(
Unique constraint failed on the fields: (`email`)[39m
[90m [2m❯[22m $n.handleRequestError node_modules/@prisma/client/runtime/library.js:[2m121:7315[22m[39m
[90m [2m❯[22m $n.handleAndLogRequestError node_modules/@prisma/client/runtime/library.js:[2m121:6623[22m[39m
[90m [2m❯[22m $n.request node_modules/@prisma/client/runtime/library.js:[2m121:6307[22m[39m
[90m [2m❯[22m l node_modules/@prisma/client/runtime/library.js:[2m130:9633[22m[39m
[36m [2m❯[22m src/__tests__/dailyLogs.test.ts:[2m44:20[22m[39m
    [90m 42|[39m
    [90m 43|[39m   [35mconst[39m admin [33m=[39m [35mawait[39m [34mcreateUser[39m([32m'Admin'[39m[33m,[39m [32m'admin@test.com'[39m[33m,[39m [32m'admin'[39m)
    [90m 44|[39m   const customer = await createUser('Customer', 'customer@test.com', '…
    [90m   |[39m                    [31m^[39m
    [90m 45|[39m   const engineer = await createUser('Engineer', 'engineer@test.com', '…
    [90m 46|[39m

[31m[2m⎯⎯⎯⎯⎯⎯⎯⎯⎯⎯⎯⎯⎯⎯⎯⎯⎯⎯⎯⎯⎯⎯⎯⎯⎯⎯⎯⎯⎯⎯[22m[39m
[31m[1mSerialized Error:[22m[39m [90m{ code: 'P2002', clientVersion: '5.22.0', meta: { modelName: 'User', target: [ 'email' ] }, batchRequestIdx: undefined }[39m
[31m[2m⎯⎯⎯⎯⎯⎯⎯⎯⎯⎯⎯⎯⎯⎯⎯⎯⎯⎯⎯⎯⎯⎯⎯[8/52]⎯[22m[39m

[41m[1m FAIL [22m[49m src/__tests__/dailyLogs.test.ts[2m > [22mPOST /daily-logs - customer cannot create a daily log (403)
[41m[1m FAIL [22m[49m src/__tests__/dailyLogs.test.ts[2m > [22mPOST /daily-logs - missing required field returns 400
[31m[1mPrismaClientKnownRequestError[22m: 
Invalid `prisma.machine.create()` invocation in
D:/Hackathon web app/server/src/__tests__/dailyLogs.test.ts:51:40

  48 customerId = customer.id
  49 engineerId = engineer.id
  50 
→ 51 const machine = await prisma.machine.create(
Foreign key constraint violated: `machines_customer_id_fkey (index)`[39m
[90m [2m❯[22m $n.handleRequestError node_modules/@prisma/client/runtime/library.js:[2m121:7315[22m[39m
[90m [2m❯[22m $n.handleAndLogRequestError node_modules/@prisma/client/runtime/library.js:[2m121:6623[22m[39m
[90m [2m❯[22m $n.request node_modules/@prisma/client/runtime/library.js:[2m121:6307[22m[39m
[90m [2m❯[22m l node_modules/@prisma/client/runtime/library.js:[2m130:9633[22m[39m
[36m [2m❯[22m src/__tests__/dailyLogs.test.ts:[2m51:19[22m[39m
    [90m 49|[39m   engineerId [33m=[39m engineer[33m.[39mid
    [90m 50|[39m
    [90m 51|[39m   [35mconst[39m machine [33m=[39m [35mawait[39m prisma[33m.[39mmachine[33m.[39m[34mcreate[39m({
    [90m   |[39m                   [31m^[39m
    [90m 52|[39m     data[33m:[39m {
    [90m 53|[39m       machine_code[33m:[39m [32m'HS-DL-001'[39m[33m,[39m

[31m[2m⎯⎯⎯⎯⎯⎯⎯⎯⎯⎯⎯⎯⎯⎯⎯⎯⎯⎯⎯⎯⎯⎯⎯⎯⎯⎯⎯⎯⎯⎯[22m[39m
[31m[1mSerialized Error:[22m[39m [90m{ code: 'P2003', clientVersion: '5.22.0', meta: { modelName: 'Machine', field_name: 'machines_customer_id_fkey (index)' }, batchRequestIdx: undefined }[39m
[31m[2m⎯⎯⎯⎯⎯⎯⎯⎯⎯⎯⎯⎯⎯⎯⎯⎯⎯⎯⎯⎯⎯⎯⎯[9/52]⎯[22m[39m

[41m[1m FAIL [22m[49m src/__tests__/machineHistory.test.ts[2m > [22mGET /machine-history/:id - returns history entries ordered by created_at desc
[31m[1mPrismaClientKnownRequestError[22m: 
Invalid `prisma.user.create()` invocation in
D:/Hackathon web app/server/src/__tests__/machineHistory.test.ts:18:22

  15   }> = {},
  16 ) {
  17   const hash = await bcrypt.hash('password_123', 12)
→ 18   return prisma.user.create(
Unique constraint failed on the fields: (`email`)[39m
[90m [2m❯[22m $n.handleRequestError node_modules/@prisma/client/runtime/library.js:[2m121:7315[22m[39m
[90m [2m❯[22m $n.handleAndLogRequestError node_modules/@prisma/client/runtime/library.js:[2m121:6623[22m[39m
[90m [2m❯[22m $n.request node_modules/@prisma/client/runtime/library.js:[2m121:6307[22m[39m
[90m [2m❯[22m l node_modules/@prisma/client/runtime/library.js:[2m130:9633[22m[39m
[36m [2m❯[22m src/__tests__/machineHistory.test.ts:[2m49:17[22m[39m
    [90m 47|[39m   [35mawait[39m [34mtruncateAll[39m()
    [90m 48|[39m
    [90m 49|[39m   const admin = await createUser({ name: 'Admin', email: 'admin@test.c…
    [90m   |[39m                 [31m^[39m
    [90m 50|[39m   const customer = await createUser({ name: 'Customer', email: 'custom…
    [90m 51|[39m   const engineer = await createUser({ name: 'Engineer', email: 'engine…

[31m[2m⎯⎯⎯⎯⎯⎯⎯⎯⎯⎯⎯⎯⎯⎯⎯⎯⎯⎯⎯⎯⎯⎯⎯⎯⎯⎯⎯⎯⎯⎯[22m[39m
[31m[1mSerialized Error:[22m[39m [90m{ code: 'P2002', clientVersion: '5.22.0', meta: { modelName: 'User', target: [ 'email' ] }, batchRequestIdx: undefined }[39m
[31m[2m⎯⎯⎯⎯⎯⎯⎯⎯⎯⎯⎯⎯⎯⎯⎯⎯⎯⎯⎯⎯⎯⎯[10/52]⎯[22m[39m

[41m[1m FAIL [22m[49m src/__tests__/machines.test.ts[2m > [22mGET /machines - admin sees all machines
[41m[1m FAIL [22m[49m src/__tests__/machines.test.ts[2m > [22mGET /machines - customer sees only their machines
[41m[1m FAIL [22m[49m src/__tests__/machines.test.ts[2m > [22mGET /machines - unauthenticated returns 401
[41m[1m FAIL [22m[49m src/__tests__/machines.test.ts[2m > [22mGET /machines - filter by status returns matching machines
[41m[1m FAIL [22m[49m src/__tests__/machines.test.ts[2m > [22mPATCH /machines/:id/status - invalid status returns 400
[31m[1mPrismaClientKnownRequestError[22m: 
Invalid `prisma.user.create()` invocation in
D:/Hackathon web app/server/src/__tests__/machines.test.ts:18:22

  15   }> = {},
  16 ) {
  17   const hash = await bcrypt.hash('password_123', 12)
→ 18   return prisma.user.create(
Unique constraint failed on the fields: (`email`)[39m
[90m [2m❯[22m $n.handleRequestError node_modules/@prisma/client/runtime/library.js:[2m121:7315[22m[39m
[90m [2m❯[22m $n.handleAndLogRequestError node_modules/@prisma/client/runtime/library.js:[2m121:6623[22m[39m
[90m [2m❯[22m $n.request node_modules/@prisma/client/runtime/library.js:[2m121:6307[22m[39m
[90m [2m❯[22m l node_modules/@prisma/client/runtime/library.js:[2m130:9633[22m[39m
[36m [2m❯[22m src/__tests__/machines.test.ts:[2m51:17[22m[39m
    [90m 49|[39m   [35mawait[39m [34mtruncateAll[39m()
    [90m 50|[39m
    [90m 51|[39m   const admin = await createUser({ name: 'Admin', email: 'admin@test.c…
    [90m   |[39m                 [31m^[39m
    [90m 52|[39m   const customer = await createUser({ name: 'Customer', email: 'custom…
    [90m 53|[39m   const engineer = await createUser({ name: 'Engineer', email: 'engine…

[31m[2m⎯⎯⎯⎯⎯⎯⎯⎯⎯⎯⎯⎯⎯⎯⎯⎯⎯⎯⎯⎯⎯⎯⎯⎯⎯⎯⎯⎯⎯⎯[22m[39m
[31m[1mSerialized Error:[22m[39m [90m{ code: 'P2002', clientVersion: '5.22.0', meta: { modelName: 'User', target: [ 'email' ] }, batchRequestIdx: undefined }[39m
[31m[2m⎯⎯⎯⎯⎯⎯⎯⎯⎯⎯⎯⎯⎯⎯⎯⎯⎯⎯⎯⎯⎯⎯[11/52]⎯[22m[39m

[41m[1m FAIL [22m[49m src/__tests__/machines.test.ts[2m > [22mGET /machines/stats - returns status counts
[41m[1m FAIL [22m[49m src/__tests__/machines.test.ts[2m > [22mPATCH /machines/:id/status - engineer can update status
[31m[1mPrismaClientKnownRequestError[22m: 
Invalid `prisma.user.create()` invocation in
D:/Hackathon web app/server/src/__tests__/machines.test.ts:18:22

  15   }> = {},
  16 ) {
  17   const hash = await bcrypt.hash('password_123', 12)
→ 18   return prisma.user.create(
Unique constraint failed on the fields: (`email`)[39m
[90m [2m❯[22m $n.handleRequestError node_modules/@prisma/client/runtime/library.js:[2m121:7315[22m[39m
[90m [2m❯[22m $n.handleAndLogRequestError node_modules/@prisma/client/runtime/library.js:[2m121:6623[22m[39m
[90m [2m❯[22m $n.request node_modules/@prisma/client/runtime/library.js:[2m121:6307[22m[39m
[90m [2m❯[22m l node_modules/@prisma/client/runtime/library.js:[2m130:9633[22m[39m
[36m [2m❯[22m src/__tests__/machines.test.ts:[2m52:20[22m[39m
    [90m 50|[39m
    [90m 51|[39m   const admin = await createUser({ name: 'Admin', email: 'admin@test.c…
    [90m 52|[39m   const customer = await createUser({ name: 'Customer', email: 'custom…
    [90m   |[39m                    [31m^[39m
    [90m 53|[39m   const engineer = await createUser({ name: 'Engineer', email: 'engine…
    [90m 54|[39m

[31m[2m⎯⎯⎯⎯⎯⎯⎯⎯⎯⎯⎯⎯⎯⎯⎯⎯⎯⎯⎯⎯⎯⎯⎯⎯⎯⎯⎯⎯⎯⎯[22m[39m
[31m[1mSerialized Error:[22m[39m [90m{ code: 'P2002', clientVersion: '5.22.0', meta: { modelName: 'User', target: [ 'email' ] }, batchRequestIdx: undefined }[39m
[31m[2m⎯⎯⎯⎯⎯⎯⎯⎯⎯⎯⎯⎯⎯⎯⎯⎯⎯⎯⎯⎯⎯⎯[12/52]⎯[22m[39m

[41m[1m FAIL [22m[49m src/__tests__/machines.test.ts[2m > [22mGET /machines/:id - returns machine with relations
[41m[1m FAIL [22m[49m src/__tests__/machines.test.ts[2m > [22mPATCH /machines/:id/status - customer cannot update status (403)
[31m[1mTypeError[22m: Cannot read properties of undefined (reading 'accessToken')[39m
[36m [2m❯[22m loginAs src/__tests__/machines.test.ts:[2m33:53[22m[39m
    [90m 31|[39m     [33m.[39m[34mpost[39m([32m'/api/v1/auth/login'[39m)
    [90m 32|[39m     [33m.[39m[34msend[39m({ email[33m,[39m password[33m:[39m [32m'password_123'[39m })
    [90m 33|[39m   [35mreturn[39m (res[33m.[39mbody[33m.[39mdata [35mas[39m { accessToken[33m:[39m string })[33m.[39maccessToken
    [90m   |[39m                                                     [31m^[39m
    [90m 34|[39m }
    [90m 35|[39m
[90m [2m❯[22m src/__tests__/machines.test.ts:[2m104:19[22m[39m

[31m[2m⎯⎯⎯⎯⎯⎯⎯⎯⎯⎯⎯⎯⎯⎯⎯⎯⎯⎯⎯⎯⎯⎯[13/52]⎯[22m[39m

[41m[1m FAIL [22m[49m src/__tests__/machines.test.ts[2m > [22mGET /machines/:id - non-existent machine returns 404
[31m[1mPrismaClientKnownRequestError[22m: 
Invalid `prisma.user.create()` invocation in
D:/Hackathon web app/server/src/__tests__/machines.test.ts:18:22

  15   }> = {},
  16 ) {
  17   const hash = await bcrypt.hash('password_123', 12)
→ 18   return prisma.user.create(
Unique constraint failed on the fields: (`email`)[39m
[90m [2m❯[22m $n.handleRequestError node_modules/@prisma/client/runtime/library.js:[2m121:7315[22m[39m
[90m [2m❯[22m $n.handleAndLogRequestError node_modules/@prisma/client/runtime/library.js:[2m121:6623[22m[39m
[90m [2m❯[22m $n.request node_modules/@prisma/client/runtime/library.js:[2m121:6307[22m[39m
[90m [2m❯[22m l node_modules/@prisma/client/runtime/library.js:[2m130:9633[22m[39m
[36m [2m❯[22m src/__tests__/machines.test.ts:[2m53:20[22m[39m
    [90m 51|[39m   const admin = await createUser({ name: 'Admin', email: 'admin@test.c…
    [90m 52|[39m   const customer = await createUser({ name: 'Customer', email: 'custom…
    [90m 53|[39m   const engineer = await createUser({ name: 'Engineer', email: 'engine…
    [90m   |[39m                    [31m^[39m
    [90m 54|[39m
    [90m 55|[39m   adminId [33m=[39m admin[33m.[39mid

[31m[2m⎯⎯⎯⎯⎯⎯⎯⎯⎯⎯⎯⎯⎯⎯⎯⎯⎯⎯⎯⎯⎯⎯⎯⎯⎯⎯⎯⎯⎯⎯[22m[39m
[31m[1mSerialized Error:[22m[39m [90m{ code: 'P2002', clientVersion: '5.22.0', meta: { modelName: 'User', target: [ 'email' ] }, batchRequestIdx: undefined }[39m
[31m[2m⎯⎯⎯⎯⎯⎯⎯⎯⎯⎯⎯⎯⎯⎯⎯⎯⎯⎯⎯⎯⎯⎯[14/52]⎯[22m[39m

[41m[1m FAIL [22m[49m src/__tests__/siteVisits.test.ts[2m > [22mGET /site-visits - engineer sees only their own visits
[41m[1m FAIL [22m[49m src/__tests__/siteVisits.test.ts[2m > [22mGET /site-visits - unauthenticated returns 401
[41m[1m FAIL [22m[49m src/__tests__/siteVisits.test.ts[2m > [22mPOST /site-visits - customer cannot create a site visit (403)
[31m[1mPrismaClientKnownRequestError[22m: 
Invalid `prisma.user.create()` invocation in
D:/Hackathon web app/server/src/__tests__/siteVisits.test.ts:18:22

  15   }> = {},
  16 ) {
  17   const hash = await bcrypt.hash('password_123', 12)
→ 18   return prisma.user.create(
Unique constraint failed on the fields: (`email`)[39m
[90m [2m❯[22m $n.handleRequestError node_modules/@prisma/client/runtime/library.js:[2m121:7315[22m[39m
[90m [2m❯[22m $n.handleAndLogRequestError node_modules/@prisma/client/runtime/library.js:[2m121:6623[22m[39m
[90m [2m❯[22m $n.request node_modules/@prisma/client/runtime/library.js:[2m121:6307[22m[39m
[90m [2m❯[22m l node_modules/@prisma/client/runtime/library.js:[2m130:9633[22m[39m
[36m [2m❯[22m src/__tests__/siteVisits.test.ts:[2m51:17[22m[39m
    [90m 49|[39m   [35mawait[39m [34mtruncateAll[39m()
    [90m 50|[39m
    [90m 51|[39m   const admin = await createUser({ name: 'Admin', email: 'admin@test.c…
    [90m   |[39m                 [31m^[39m
    [90m 52|[39m   const customer = await createUser({ name: 'Customer', email: 'custom…
    [90m 53|[39m   const engineer = await createUser({ name: 'Engineer', email: 'engine…

[31m[2m⎯⎯⎯⎯⎯⎯⎯⎯⎯⎯⎯⎯⎯⎯⎯⎯⎯⎯⎯⎯⎯⎯⎯⎯⎯⎯⎯⎯⎯⎯[22m[39m
[31m[1mSerialized Error:[22m[39m [90m{ code: 'P2002', clientVersion: '5.22.0', meta: { modelName: 'User', target: [ 'email' ] }, batchRequestIdx: undefined }[39m
[31m[2m⎯⎯⎯⎯⎯⎯⎯⎯⎯⎯⎯⎯⎯⎯⎯⎯⎯⎯⎯⎯⎯⎯[15/52]⎯[22m[39m

[41m[1m FAIL [22m[49m src/__tests__/siteVisits.test.ts[2m > [22mGET /site-visits - admin sees all visits
[31m[1mPrismaClientKnownRequestError[22m: 
Invalid `prisma.machine.create()` invocation in
D:/Hackathon web app/server/src/__tests__/siteVisits.test.ts:59:40

  56 customerId = customer.id
  57 engineerId = engineer.id
  58 
→ 59 const machine = await prisma.machine.create(
Foreign key constraint violated: `machines_customer_id_fkey (index)`[39m
[90m [2m❯[22m $n.handleRequestError node_modules/@prisma/client/runtime/library.js:[2m121:7315[22m[39m
[90m [2m❯[22m $n.handleAndLogRequestError node_modules/@prisma/client/runtime/library.js:[2m121:6623[22m[39m
[90m [2m❯[22m $n.request node_modules/@prisma/client/runtime/library.js:[2m121:6307[22m[39m
[90m [2m❯[22m l node_modules/@prisma/client/runtime/library.js:[2m130:9633[22m[39m
[36m [2m❯[22m src/__tests__/siteVisits.test.ts:[2m59:19[22m[39m
    [90m 57|[39m   engineerId [33m=[39m engineer[33m.[39mid
    [90m 58|[39m
    [90m 59|[39m   [35mconst[39m machine [33m=[39m [35mawait[39m prisma[33m.[39mmachine[33m.[39m[34mcreate[39m({
    [90m   |[39m                   [31m^[39m
    [90m 60|[39m     data[33m:[39m {
    [90m 61|[39m       machine_code[33m:[39m [32m'HS-SV-001'[39m[33m,[39m

[31m[2m⎯⎯⎯⎯⎯⎯⎯⎯⎯⎯⎯⎯⎯⎯⎯⎯⎯⎯⎯⎯⎯⎯⎯⎯⎯⎯⎯⎯⎯⎯[22m[39m
[31m[1mSerialized Error:[22m[39m [90m{ code: 'P2003', clientVersion: '5.22.0', meta: { modelName: 'Machine', field_name: 'machines_customer_id_fkey (index)' }, batchRequestIdx: undefined }[39m
[31m[2m⎯⎯⎯⎯⎯⎯⎯⎯⎯⎯⎯⎯⎯⎯⎯⎯⎯⎯⎯⎯⎯⎯[16/52]⎯[22m[39m

[41m[1m FAIL [22m[49m src/__tests__/siteVisits.test.ts[2m > [22mPOST /site-visits - engineer can create a site visit
[31m[1mTypeError[22m: Cannot read properties of undefined (reading 'accessToken')[39m
[36m [2m❯[22m loginAs src/__tests__/siteVisits.test.ts:[2m33:53[22m[39m
    [90m 31|[39m     [33m.[39m[34mpost[39m([32m'/api/v1/auth/login'[39m)
    [90m 32|[39m     [33m.[39m[34msend[39m({ email[33m,[39m password[33m:[39m [32m'password_123'[39m })
    [90m 33|[39m   [35mreturn[39m (res[33m.[39mbody[33m.[39mdata [35mas[39m { accessToken[33m:[39m string })[33m.[39maccessToken
    [90m   |[39m                                                     [31m^[39m
    [90m 34|[39m }
    [90m 35|[39m
[90m [2m❯[22m src/__tests__/siteVisits.test.ts:[2m81:16[22m[39m

[31m[2m⎯⎯⎯⎯⎯⎯⎯⎯⎯⎯⎯⎯⎯⎯⎯⎯⎯⎯⎯⎯⎯⎯[17/52]⎯[22m[39m

[41m[1m FAIL [22m[49m src/__tests__/tickets.test.ts[2m > [22mGET /tickets - admin sees all tickets
[41m[1m FAIL [22m[49m src/__tests__/tickets.test.ts[2m > [22mGET /tickets/stats - returns open count and bySeverity
[41m[1m FAIL [22m[49m src/__tests__/tickets.test.ts[2m > [22mGET /tickets/:id - returns ticket with comments and machine
[41m[1m FAIL [22m[49m src/__tests__/tickets.test.ts[2m > [22mGET /tickets/:id - non-existent ticket returns 404
[41m[1m FAIL [22m[49m src/__tests__/tickets.test.ts[2m > [22mPATCH /tickets/:id/resolve - sets resolved fields
[41m[1m FAIL [22m[49m src/__tests__/tickets.test.ts[2m > [22mPOST /tickets/:id/comments - adds a comment to the ticket
[31m[1mPrismaClientKnownRequestError[22m: 
Invalid `prisma.user.create()` invocation in
D:/Hackathon web app/server/src/__tests__/tickets.test.ts:18:22

  15   }> = {},
  16 ) {
  17   const hash = await bcrypt.hash('password_123', 12)
→ 18   return prisma.user.create(
Unique constraint failed on the fields: (`email`)[39m
[90m [2m❯[22m $n.handleRequestError node_modules/@prisma/client/runtime/library.js:[2m121:7315[22m[39m
[90m [2m❯[22m $n.handleAndLogRequestError node_modules/@prisma/client/runtime/library.js:[2m121:6623[22m[39m
[90m [2m❯[22m $n.request node_modules/@prisma/client/runtime/library.js:[2m121:6307[22m[39m
[90m [2m❯[22m l node_modules/@prisma/client/runtime/library.js:[2m130:9633[22m[39m
[36m [2m❯[22m src/__tests__/tickets.test.ts:[2m52:17[22m[39m
    [90m 50|[39m   [35mawait[39m [34mtruncateAll[39m()
    [90m 51|[39m
    [90m 52|[39m   const admin = await createUser({ name: 'Admin', email: 'admin@test.c…
    [90m   |[39m                 [31m^[39m
    [90m 53|[39m   const customer = await createUser({ name: 'Customer', email: 'custom…
    [90m 54|[39m   const engineer = await createUser({ name: 'Engineer', email: 'engine…

[31m[2m⎯⎯⎯⎯⎯⎯⎯⎯⎯⎯⎯⎯⎯⎯⎯⎯⎯⎯⎯⎯⎯⎯⎯⎯⎯⎯⎯⎯⎯⎯[22m[39m
[31m[1mSerialized Error:[22m[39m [90m{ code: 'P2002', clientVersion: '5.22.0', meta: { modelName: 'User', target: [ 'email' ] }, batchRequestIdx: undefined }[39m
[31m[2m⎯⎯⎯⎯⎯⎯⎯⎯⎯⎯⎯⎯⎯⎯⎯⎯⎯⎯⎯⎯⎯⎯[18/52]⎯[22m[39m

[41m[1m FAIL [22m[49m src/__tests__/tickets.test.ts[2m > [22mGET /tickets - customer sees their raised tickets
[41m[1m FAIL [22m[49m src/__tests__/tickets.test.ts[2m > [22mGET /tickets - unauthenticated returns 401
[41m[1m FAIL [22m[49m src/__tests__/tickets.test.ts[2m > [22mPATCH /tickets/:id/status - customer cannot update status (403)
[31m[1mPrismaClientKnownRequestError[22m: 
Invalid `prisma.machine.create()` invocation in
D:/Hackathon web app/server/src/__tests__/tickets.test.ts:60:40

  57 customerId = customer.id
  58 engineerId = engineer.id
  59 
→ 60 const machine = await prisma.machine.create(
Foreign key constraint violated: `machines_customer_id_fkey (index)`[39m
[90m [2m❯[22m $n.handleRequestError node_modules/@prisma/client/runtime/library.js:[2m121:7315[22m[39m
[90m [2m❯[22m $n.handleAndLogRequestError node_modules/@prisma/client/runtime/library.js:[2m121:6623[22m[39m
[90m [2m❯[22m $n.request node_modules/@prisma/client/runtime/library.js:[2m121:6307[22m[39m
[90m [2m❯[22m l node_modules/@prisma/client/runtime/library.js:[2m130:9633[22m[39m
[36m [2m❯[22m src/__tests__/tickets.test.ts:[2m60:19[22m[39m
    [90m 58|[39m   engineerId [33m=[39m engineer[33m.[39mid
    [90m 59|[39m
    [90m 60|[39m   [35mconst[39m machine [33m=[39m [35mawait[39m prisma[33m.[39mmachine[33m.[39m[34mcreate[39m({
    [90m   |[39m                   [31m^[39m
    [90m 61|[39m     data[33m:[39m {
    [90m 62|[39m       machine_code[33m:[39m [32m'HS-TEST-001'[39m[33m,[39m

[31m[2m⎯⎯⎯⎯⎯⎯⎯⎯⎯⎯⎯⎯⎯⎯⎯⎯⎯⎯⎯⎯⎯⎯⎯⎯⎯⎯⎯⎯⎯⎯[22m[39m
[31m[1mSerialized Error:[22m[39m [90m{ code: 'P2003', clientVersion: '5.22.0', meta: { modelName: 'Machine', field_name: 'machines_customer_id_fkey (index)' }, batchRequestIdx: undefined }[39m
[31m[2m⎯⎯⎯⎯⎯⎯⎯⎯⎯⎯⎯⎯⎯⎯⎯⎯⎯⎯⎯⎯⎯⎯[19/52]⎯[22m[39m

[41m[1m FAIL [22m[49m src/__tests__/tickets.test.ts[2m > [22mGET /tickets - engineer sees their assigned tickets
[41m[1m FAIL [22m[49m src/__tests__/tickets.test.ts[2m > [22mPATCH /tickets/:id/status - engineer can update status to in_progress
[31m[1mPrismaClientKnownRequestError[22m: 
Invalid `prisma.user.create()` invocation in
D:/Hackathon web app/server/src/__tests__/tickets.test.ts:18:22

  15   }> = {},
  16 ) {
  17   const hash = await bcrypt.hash('password_123', 12)
→ 18   return prisma.user.create(
Unique constraint failed on the fields: (`email`)[39m
[90m [2m❯[22m $n.handleRequestError node_modules/@prisma/client/runtime/library.js:[2m121:7315[22m[39m
[90m [2m❯[22m $n.handleAndLogRequestError node_modules/@prisma/client/runtime/library.js:[2m121:6623[22m[39m
[90m [2m❯[22m $n.request node_modules/@prisma/client/runtime/library.js:[2m121:6307[22m[39m
[90m [2m❯[22m l node_modules/@prisma/client/runtime/library.js:[2m130:9633[22m[39m
[36m [2m❯[22m src/__tests__/tickets.test.ts:[2m53:20[22m[39m
    [90m 51|[39m
    [90m 52|[39m   const admin = await createUser({ name: 'Admin', email: 'admin@test.c…
    [90m 53|[39m   const customer = await createUser({ name: 'Customer', email: 'custom…
    [90m   |[39m                    [31m^[39m
    [90m 54|[39m   const engineer = await createUser({ name: 'Engineer', email: 'engine…
    [90m 55|[39m

[31m[2m⎯⎯⎯⎯⎯⎯⎯⎯⎯⎯⎯⎯⎯⎯⎯⎯⎯⎯⎯⎯⎯⎯⎯⎯⎯⎯⎯⎯⎯⎯[22m[39m
[31m[1mSerialized Error:[22m[39m [90m{ code: 'P2002', clientVersion: '5.22.0', meta: { modelName: 'User', target: [ 'email' ] }, batchRequestIdx: undefined }[39m
[31m[2m⎯⎯⎯⎯⎯⎯⎯⎯⎯⎯⎯⎯⎯⎯⎯⎯⎯⎯⎯⎯⎯⎯[20/52]⎯[22m[39m

[41m[1m FAIL [22m[49m src/__tests__/tickets.test.ts[2m > [22mPOST /tickets - creates a ticket with correct fields
[31m[1mTypeError[22m: Cannot read properties of undefined (reading 'accessToken')[39m
[36m [2m❯[22m loginAs src/__tests__/tickets.test.ts:[2m33:53[22m[39m
    [90m 31|[39m     [33m.[39m[34mpost[39m([32m'/api/v1/auth/login'[39m)
    [90m 32|[39m     [33m.[39m[34msend[39m({ email[33m,[39m password[33m:[39m [32m'password_123'[39m })
    [90m 33|[39m   [35mreturn[39m (res[33m.[39mbody[33m.[39mdata [35mas[39m { accessToken[33m:[39m string })[33m.[39maccessToken
    [90m   |[39m                                                     [31m^[39m
    [90m 34|[39m }
    [90m 35|[39m
[90m [2m❯[22m src/__tests__/tickets.test.ts:[2m97:16[22m[39m

[31m[2m⎯⎯⎯⎯⎯⎯⎯⎯⎯⎯⎯⎯⎯⎯⎯⎯⎯⎯⎯⎯⎯⎯[21/52]⎯[22m[39m

[41m[1m FAIL [22m[49m src/__tests__/tickets.test.ts[2m > [22mPATCH /tickets/:id/status - reopened increments reopen_count and sets reopened_at
[41m[1m FAIL [22m[49m src/__tests__/tickets.test.ts[2m > [22mPATCH /tickets/:id/resolve - customer cannot resolve ticket (403)
[31m[1mTypeError[22m: Cannot read properties of undefined (reading 'accessToken')[39m
[36m [2m❯[22m loginAs src/__tests__/tickets.test.ts:[2m33:53[22m[39m
    [90m 31|[39m     [33m.[39m[34mpost[39m([32m'/api/v1/auth/login'[39m)
    [90m 32|[39m     [33m.[39m[34msend[39m({ email[33m,[39m password[33m:[39m [32m'password_123'[39m })
    [90m 33|[39m   [35mreturn[39m (res[33m.[39mbody[33m.[39mdata [35mas[39m { accessToken[33m:[39m string })[33m.[39maccessToken
    [90m   |[39m                                                     [31m^[39m
    [90m 34|[39m }
    [90m 35|[39m
[90m [2m❯[22m src/__tests__/tickets.test.ts:[2m98:19[22m[39m

[31m[2m⎯⎯⎯⎯⎯⎯⎯⎯⎯⎯⎯⎯⎯⎯⎯⎯⎯⎯⎯⎯⎯⎯[22/52]⎯[22m[39m

[41m[1m FAIL [22m[49m src/__tests__/users.test.ts[2m > [22mGET /users - admin can list all users, response excludes password_hash
[41m[1m FAIL [22m[49m src/__tests__/users.test.ts[2m > [22mGET /users - engineer is forbidden (403)
[31m[1mTypeError[22m: Cannot read properties of undefined (reading 'accessToken')[39m
[36m [2m❯[22m loginAs src/__tests__/users.test.ts:[2m33:53[22m[39m
    [90m 31|[39m     [33m.[39m[34mpost[39m([32m'/api/v1/auth/login'[39m)
    [90m 32|[39m     [33m.[39m[34msend[39m({ email[33m,[39m password[33m:[39m [32m'password_123'[39m })
    [90m 33|[39m   [35mreturn[39m (res[33m.[39mbody[33m.[39mdata [35mas[39m { accessToken[33m:[39m string })[33m.[39maccessToken
    [90m   |[39m                                                     [31m^[39m
    [90m 34|[39m }
    [90m 35|[39m
[90m [2m❯[22m src/__tests__/users.test.ts:[2m58:19[22m[39m

[31m[2m⎯⎯⎯⎯⎯⎯⎯⎯⎯⎯⎯⎯⎯⎯⎯⎯⎯⎯⎯⎯⎯⎯[23/52]⎯[22m[39m

[41m[1m FAIL [22m[49m src/__tests__/users.test.ts[2m > [22mGET /users - unauthenticated returns 401
[41m[1m FAIL [22m[49m src/__tests__/users.test.ts[2m > [22mGET /users/:id - non-existent user returns 404
[41m[1m FAIL [22m[49m src/__tests__/users.test.ts[2m > [22mPATCH /users/:id/active - admin can toggle user is_active
[41m[1m FAIL [22m[49m src/__tests__/users.test.ts[2m > [22mPATCH /users/:id/active - engineer is forbidden (403)
[31m[1mPrismaClientKnownRequestError[22m: 
Invalid `prisma.user.create()` invocation in
D:/Hackathon web app/server/src/__tests__/users.test.ts:18:22

  15   }> = {},
  16 ) {
  17   const hash = await bcrypt.hash('password_123', 12)
→ 18   return prisma.user.create(
Unique constraint failed on the fields: (`email`)[39m
[90m [2m❯[22m $n.handleRequestError node_modules/@prisma/client/runtime/library.js:[2m121:7315[22m[39m
[90m [2m❯[22m $n.handleAndLogRequestError node_modules/@prisma/client/runtime/library.js:[2m121:6623[22m[39m
[90m [2m❯[22m $n.request node_modules/@prisma/client/runtime/library.js:[2m121:6307[22m[39m
[90m [2m❯[22m l node_modules/@prisma/client/runtime/library.js:[2m130:9633[22m[39m
[36m [2m❯[22m src/__tests__/users.test.ts:[2m49:17[22m[39m
    [90m 47|[39m   [35mawait[39m [34mtruncateAll[39m()
    [90m 48|[39m
    [90m 49|[39m   const admin = await createUser({ name: 'Admin', email: 'admin@test.c…
    [90m   |[39m                 [31m^[39m
    [90m 50|[39m   const customer = await createUser({ name: 'Customer', email: 'custom…
    [90m 51|[39m   const engineer = await createUser({ name: 'Engineer', email: 'engine…

[31m[2m⎯⎯⎯⎯⎯⎯⎯⎯⎯⎯⎯⎯⎯⎯⎯⎯⎯⎯⎯⎯⎯⎯⎯⎯⎯⎯⎯⎯⎯⎯[22m[39m
[31m[1mSerialized Error:[22m[39m [90m{ code: 'P2002', clientVersion: '5.22.0', meta: { modelName: 'User', target: [ 'email' ] }, batchRequestIdx: undefined }[39m
[31m[2m⎯⎯⎯⎯⎯⎯⎯⎯⎯⎯⎯⎯⎯⎯⎯⎯⎯⎯⎯⎯⎯⎯[24/52]⎯[22m[39m

[41m[1m FAIL [22m[49m src/__tests__/users.test.ts[2m > [22mGET /users/:id - admin can get a user by ID
[31m[1mPrismaClientKnownRequestError[22m: 
Invalid `prisma.user.create()` invocation in
D:/Hackathon web app/server/src/__tests__/users.test.ts:18:22

  15   }> = {},
  16 ) {
  17   const hash = await bcrypt.hash('password_123', 12)
→ 18   return prisma.user.create(
Unique constraint failed on the fields: (`email`)[39m
[90m [2m❯[22m $n.handleRequestError node_modules/@prisma/client/runtime/library.js:[2m121:7315[22m[39m
[90m [2m❯[22m $n.handleAndLogRequestError node_modules/@prisma/client/runtime/library.js:[2m121:6623[22m[39m
[90m [2m❯[22m $n.request node_modules/@prisma/client/runtime/library.js:[2m121:6307[22m[39m
[90m [2m❯[22m l node_modules/@prisma/client/runtime/library.js:[2m130:9633[22m[39m
[36m [2m❯[22m src/__tests__/users.test.ts:[2m50:20[22m[39m
    [90m 48|[39m
    [90m 49|[39m   const admin = await createUser({ name: 'Admin', email: 'admin@test.c…
    [90m 50|[39m   const customer = await createUser({ name: 'Customer', email: 'custom…
    [90m   |[39m                    [31m^[39m
    [90m 51|[39m   const engineer = await createUser({ name: 'Engineer', email: 'engine…
    [90m 52|[39m

[31m[2m⎯⎯⎯⎯⎯⎯⎯⎯⎯⎯⎯⎯⎯⎯⎯⎯⎯⎯⎯⎯⎯⎯⎯⎯⎯⎯⎯⎯⎯⎯[22m[39m
[31m[1mSerialized Error:[22m[39m [90m{ code: 'P2002', clientVersion: '5.22.0', meta: { modelName: 'User', target: [ 'email' ] }, batchRequestIdx: undefined }[39m
[31m[2m⎯⎯⎯⎯⎯⎯⎯⎯⎯⎯⎯⎯⎯⎯⎯⎯⎯⎯⎯⎯⎯⎯[25/52]⎯[22m[39m


[2m Test Files [22m [1m[31m8 failed[39m[22m[90m (8)[39m
[2m      Tests [22m [1m[31m52 failed[39m[22m[2m | [22m[1m[32m5 passed[39m[22m[90m (57)[39m
[2m   Start at [22m 11:13:16
[2m   Duration [22m 98.04s[2m (transform 2.92s, setup 800ms, import 23.46s, tests 224.36s, environment 3ms)[22m

